Microchip MPLAB XC8 Compiler V2.31

Linker command line:

-W-3 --edf=C:\Program Files\Microchip\xc8\v2.31\pic\dat\en_msgs.txt -cn \
  -h+dist/default/production\SHT31_Temp_Hum.X.production.sym \
  --cmf=dist/default/production\SHT31_Temp_Hum.X.production.cmf -z \
  -Q18F47K42 -oC:\Users\User\AppData\Local\Temp\svdo.2 \
  --defsym=__MPLAB_BUILD=1 \
  -Mdist/default/production/SHT31_Temp_Hum.X.production.map -E1 \
  -ver=XC8 Compiler --acfsm=1493 -ASTACK=0165h-01FFFh -pstack=STACK \
  -ACODE=00h-01FFFFh -ACONST=00h-01FFFFh -ASMALLCONST=02000h-020FFhx480 \
  -AMEDIUMCONST=02000h-0FFFFh,012000h-01FFFFh -ACOMRAM=01h-05Fh \
  -AABS1=00h-01FFFh -ABIGRAM=01h-01FFFh -ARAM=060h-0FFh,0100h-01FFhx31 \
  -ABANK0=060h-0FFh -ABANK1=0100h-01FFh -ABANK2=0200h-02FFh \
  -ABANK3=0300h-03FFh -ABANK4=0400h-04FFh -ABANK5=0500h-05FFh \
  -ABANK6=0600h-06FFh -ABANK7=0700h-07FFh -ABANK8=0800h-08FFh \
  -ABANK9=0900h-09FFh -ABANK10=0A00h-0AFFh -ABANK11=0B00h-0BFFh \
  -ABANK12=0C00h-0CFFh -ABANK13=0D00h-0DFFh -ABANK14=0E00h-0EFFh \
  -ABANK15=0F00h-0FFFh -ABANK16=01000h-010FFh -ABANK17=01100h-011FFh \
  -ABANK18=01200h-012FFh -ABANK19=01300h-013FFh -ABANK20=01400h-014FFh \
  -ABANK21=01500h-015FFh -ABANK22=01600h-016FFh -ABANK23=01700h-017FFh \
  -ABANK24=01800h-018FFh -ABANK25=01900h-019FFh -ABANK26=01A00h-01AFFh \
  -ABANK27=01B00h-01BFFh -ABANK28=01C00h-01CFFh -ABANK29=01D00h-01DFFh \
  -ABANK30=01E00h-01EFFh -ABANK31=01F00h-01FFFh \
  -ASFR=03800h-038FFhx7,03F00h-03F5Fh,03F60h-03FFFh \
  -ACONFIG=0300000h-0300009h -AIDLOC=0200000h-020000Fh \
  -AEEDATA=0310000h-03103FFh -peeprom_data=EEDATA -preset_vec=00h \
  -ppowerup=CODE,init -pramtop=02000h -psmallconst=SMALLCONST \
  -pmediumconst=MEDIUMCONST -pconst=CONST -AFARRAM=00h-00h \
  -prdata=COMRAM,nvrram=COMRAM,nvbit=COMRAM,rbss=COMRAM,rbit=COMRAM \
  -pfarbss=FARRAM,fardata=FARRAM,nvFARRAM=FARRAM \
  -pintsave_regs=BIGRAM,bigbss=BIGRAM,bigdata=BIGRAM -pbss=RAM \
  -pidata=CODE,irdata=CODE,ibigdata=CODE,ifardata=CODE -prparam=COMRAM \
  C:\Users\User\AppData\Local\Temp\svdo.o \
  dist/default/production\SHT31_Temp_Hum.X.production.o 

Object code version is 3.11

Machine type is 18F47K42



                Name                               Link     Load   Length Selector   Space Scale
C:\Users\User\AppData\Local\Temp\svdo.o
                idloc                            200000   200000       10        0       5
                config                           300000   300000        A        0       4
                init                              1FFFC    1FFFC        4     FFFE       0
                reset_vec                             0        0        4        0       0
dist/default/production\SHT31_Temp_Hum.X.production.o
                idloc                            200000   200000       10        0       5
                config                           300000   300000        A        0       4
                smallconst                         2000     2000       64     1000       0
                text98                             5992     5992        8     1032       0
                text97                             593E     593E        C     1032       0
                text96                             5794     5794       1E     1032       0
                text95                             5672     5672       2C     1032       0
                text94                             59D0     59D0        6     1032       0
                text93                             59CA     59CA        6     1032       0
                text92                             59C4     59C4        6     1032       0
                text91                             58B6     58B6       16     1032       0
                text90                             58A0     58A0       16     1032       0
                text89                             588A     588A       16     1032       0
                text88                             5350     5350       52     1032       0
                text87                             5712     5712       24     1032       0
                text86                             4E8E     4E8E       8E     1032       0
                text85                             57CE     57CE       1C     1032       0
                text84                             55E6     55E6       30     1032       0
                text83                             55B6     55B6       30     1032       0
                text82                             5586     5586       30     1032       0
                text81                             5556     5556       30     1032       0
                text80                             5526     5526       30     1032       0
                text79                             53A2     53A2       50     1032       0
                text78                             59E2     59E2        4     1032       0
                text77                             59DE     59DE        4     1032       0
                text76                             5968     5968        A     1032       0
                text75                             59BE     59BE        6     1032       0
                text74                             59B8     59B8        6     1032       0
                text73                             595E     595E        A     1032       0
                text72                             5954     5954        A     1032       0
                text71                             59B2     59B2        6     1032       0
                text70                             5874     5874       16     1032       0
                text69                             59AC     59AC        6     1032       0
                text68                             59A6     59A6        6     1032       0
                text67                             59A0     59A0        6     1032       0
                text66                             599A     599A        6     1032       0
                text65                             585E     585E       16     1032       0
                text64                             5848     5848       16     1032       0
                text63                             598A     598A        8     1032       0
                text62                             5932     5932        C     1032       0
                text61                             5644     5644       2E     1032       0
                text60                             5832     5832       16     1032       0
                text59                             4360     4360      126     1032       0
                text58                             4D5A     4D5A       9E     1032       0
                text57                             4F1C     4F1C       7E     1032       0
                text56                             4CB6     4CB6       A4     1032       0
                text55                             5924     5924        E     1032       0
                text54                             59DA     59DA        4     1032       0
                text53                             59D6     59D6        4     1032       0
                text52                             56C6     56C6       28     1032       0
                text51                             5982     5982        8     1032       0
                text50                             5916     5916        E     1032       0
                text49                             597A     597A        8     1032       0
                text48                             58DC     58DC       10     1032       0
                text47                             516A     516A       6E     1032       0
                text46                             5010     5010       76     1032       0
                text45                             58CC     58CC       10     1032       0
                text44                             50F8     50F8       72     1032       0
                text43                             52A2     52A2       5C     1032       0
                text42                             5776     5776       1E     1032       0
                text41                             52FE     52FE       52     1032       0
                text40                             5972     5972        8     1032       0
                text39                             5616     5616       2E     1032       0
                text38                             4C12     4C12       A4     1032       0
                text37                             57B2     57B2       1C     1032       0
                text36                             5736     5736       22     1032       0
                text35                             5804     5804       18     1032       0
                text34                             4B6C     4B6C       A6     1032       0
                text33                             56EE     56EE       24     1032       0
                text32                             5908     5908        E     1032       0
                text31                             58FA     58FA        E     1032       0
                text30                             58EC     58EC        E     1032       0
                text29                             4F9A     4F9A       76     1032       0
                text28                             581C     581C       16     1032       0
                text27                             4010     4010      1B4     1032       0
                text26                             494E     494E       C4     1032       0
                text25                             4A12     4A12       B0     1032       0
                text24                             3A64     3A64      39A     1032       0
                text23                             4AC2     4AC2       AA     1032       0
                text22                             458C     458C      104     1032       0
                text21                             31CE     31CE      44E     1032       0
                text20                             54EE     54EE       38     1032       0
                text19                             2D0E     2D0E      4C0     1032       0
                text18                             53F2     53F2       46     1032       0
                text17                             4486     4486      106     1032       0
                text16                             4690     4690       FE     1032       0
                text15                             3DFE     3DFE      212     1032       0
                text14                             57EA     57EA       1A     1032       0
                text13                             594A     594A        A     1032       0
                text12                             4DF8     4DF8       96     1032       0
                text11                             5438     5438       44     1032       0
                text10                             547C     547C       3A     1032       0
                text9                              4888     4888       C6     1032       0
                text8                              51D8     51D8       6A     1032       0
                text7                              54B6     54B6       38     1032       0
                text6                              5242     5242       60     1032       0
                text5                              2064     2064      CAA     1032       0
                text4                              478E     478E       FA     1032       0
                text3                              361C     361C      448     1032       0
                text2                              5086     5086       72     1032       0
                text1                              569E     569E       28     1032       0
                text0                              41C4     41C4      19C     1032       0
                cstackCOMRAM                          1        1       5F        1       1
                cstackBANK0                          60       60       71       60       1
                bssBANK1                            100      100       5C      100       1
                bssBANK0                             D1       D1       2F       60       1
                cinit                              5758     5758       1E     1032       0
                nvBANK1                             15C      15C        9      100       1

TOTAL           Name                               Link     Load   Length     Space
        CLASS   STACK          

        CLASS   CODE           
                init                              1FFFC    1FFFC        4         0
                reset_vec                             0        0        4         0
                text98                             5992     5992        8         0
                text97                             593E     593E        C         0
                text96                             5794     5794       1E         0
                text95                             5672     5672       2C         0
                text94                             59D0     59D0        6         0
                text93                             59CA     59CA        6         0
                text92                             59C4     59C4        6         0
                text91                             58B6     58B6       16         0
                text90                             58A0     58A0       16         0
                text89                             588A     588A       16         0
                text88                             5350     5350       52         0
                text87                             5712     5712       24         0
                text86                             4E8E     4E8E       8E         0
                text85                             57CE     57CE       1C         0
                text84                             55E6     55E6       30         0
                text83                             55B6     55B6       30         0
                text82                             5586     5586       30         0
                text81                             5556     5556       30         0
                text80                             5526     5526       30         0
                text79                             53A2     53A2       50         0
                text78                             59E2     59E2        4         0
                text77                             59DE     59DE        4         0
                text76                             5968     5968        A         0
                text75                             59BE     59BE        6         0
                text74                             59B8     59B8        6         0
                text73                             595E     595E        A         0
                text72                             5954     5954        A         0
                text71                             59B2     59B2        6         0
                text70                             5874     5874       16         0
                text69                             59AC     59AC        6         0
                text68                             59A6     59A6        6         0
                text67                             59A0     59A0        6         0
                text66                             599A     599A        6         0
                text65                             585E     585E       16         0
                text64                             5848     5848       16         0
                text63                             598A     598A        8         0
                text62                             5932     5932        C         0
                text61                             5644     5644       2E         0
                text60                             5832     5832       16         0
                text59                             4360     4360      126         0
                text58                             4D5A     4D5A       9E         0
                text57                             4F1C     4F1C       7E         0
                text56                             4CB6     4CB6       A4         0
                text55                             5924     5924        E         0
                text54                             59DA     59DA        4         0
                text53                             59D6     59D6        4         0
                text52                             56C6     56C6       28         0
                text51                             5982     5982        8         0
                text50                             5916     5916        E         0
                text49                             597A     597A        8         0
                text48                             58DC     58DC       10         0
                text47                             516A     516A       6E         0
                text46                             5010     5010       76         0
                text45                             58CC     58CC       10         0
                text44                             50F8     50F8       72         0
                text43                             52A2     52A2       5C         0
                text42                             5776     5776       1E         0
                text41                             52FE     52FE       52         0
                text40                             5972     5972        8         0
                text39                             5616     5616       2E         0
                text38                             4C12     4C12       A4         0
                text37                             57B2     57B2       1C         0
                text36                             5736     5736       22         0
                text35                             5804     5804       18         0
                text34                             4B6C     4B6C       A6         0
                text33                             56EE     56EE       24         0
                text32                             5908     5908        E         0
                text31                             58FA     58FA        E         0
                text30                             58EC     58EC        E         0
                text29                             4F9A     4F9A       76         0
                text28                             581C     581C       16         0
                text27                             4010     4010      1B4         0
                text26                             494E     494E       C4         0
                text25                             4A12     4A12       B0         0
                text24                             3A64     3A64      39A         0
                text23                             4AC2     4AC2       AA         0
                text22                             458C     458C      104         0
                text21                             31CE     31CE      44E         0
                text20                             54EE     54EE       38         0
                text19                             2D0E     2D0E      4C0         0
                text18                             53F2     53F2       46         0
                text17                             4486     4486      106         0
                text16                             4690     4690       FE         0
                text15                             3DFE     3DFE      212         0
                text14                             57EA     57EA       1A         0
                text13                             594A     594A        A         0
                text12                             4DF8     4DF8       96         0
                text11                             5438     5438       44         0
                text10                             547C     547C       3A         0
                text9                              4888     4888       C6         0
                text8                              51D8     51D8       6A         0
                text7                              54B6     54B6       38         0
                text6                              5242     5242       60         0
                text5                              2064     2064      CAA         0
                text4                              478E     478E       FA         0
                text3                              361C     361C      448         0
                text2                              5086     5086       72         0
                text1                              569E     569E       28         0
                text0                              41C4     41C4      19C         0
                cinit                              5758     5758       1E         0

        CLASS   CONST          

        CLASS   SMALLCONST     
                smallconst                         2000     2000       64         0

        CLASS   MEDIUMCONST    

        CLASS   COMRAM         
                cstackCOMRAM                          1        1       5F         1

        CLASS   ABS1           

        CLASS   BIGRAM         

        CLASS   RAM            

        CLASS   BANK0          
                cstackBANK0                          60       60       71         1
                bssBANK0                             D1       D1       2F         1

        CLASS   BANK1          
                bssBANK1                            100      100       5C         1
                nvBANK1                             15C      15C        9         1

        CLASS   BANK2          

        CLASS   BANK3          

        CLASS   BANK4          

        CLASS   BANK5          

        CLASS   BANK6          

        CLASS   BANK7          

        CLASS   BANK8          

        CLASS   BANK9          

        CLASS   BANK10         

        CLASS   BANK11         

        CLASS   BANK12         

        CLASS   BANK13         

        CLASS   BANK14         

        CLASS   BANK15         

        CLASS   BANK16         

        CLASS   BANK17         

        CLASS   BANK18         

        CLASS   BANK19         

        CLASS   BANK20         

        CLASS   BANK21         

        CLASS   BANK22         

        CLASS   BANK23         

        CLASS   BANK24         

        CLASS   BANK25         

        CLASS   BANK26         

        CLASS   BANK27         

        CLASS   BANK28         

        CLASS   BANK29         

        CLASS   BANK30         

        CLASS   BANK31         

        CLASS   SFR            

        CLASS   CONFIG         
                config                           300000   300000        A         4

        CLASS   IDLOC          
                idloc                            200000   200000       10         5

        CLASS   EEDATA         

        CLASS   FARRAM         



SEGMENTS        Name                           Load    Length   Top    Selector   Space  Class

                reset_vec                      000000  000004  000004         0       0  CODE    
                cstackCOMRAM                   000001  00005F  000060         1       1  COMRAM  
                cstackBANK0                    000060  0000A0  000100        60       1  BANK0   
                bssBANK1                       000100  000065  000165       100       1  BANK1   
                smallconst                     002000  000064  002064      1000       0  SMALLCON
                text5                          002064  003982  0059E6      1032       0  CODE    
                init                           01FFFC  000004  020000      FFFE       0  CODE    


UNUSED ADDRESS RANGES

        Name                Unused          Largest block    Delta
        BANK1            000165-0001FF               9B
        BANK10           000A00-000AFF              100
        BANK11           000B00-000BFF              100
        BANK12           000C00-000CFF              100
        BANK13           000D00-000DFF              100
        BANK14           000E00-000EFF              100
        BANK15           000F00-000FFF              100
        BANK16           001000-0010FF              100
        BANK17           001100-0011FF              100
        BANK18           001200-0012FF              100
        BANK19           001300-0013FF              100
        BANK2            000200-0002FF              100
        BANK20           001400-0014FF              100
        BANK21           001500-0015FF              100
        BANK22           001600-0016FF              100
        BANK23           001700-0017FF              100
        BANK24           001800-0018FF              100
        BANK25           001900-0019FF              100
        BANK26           001A00-001AFF              100
        BANK27           001B00-001BFF              100
        BANK28           001C00-001CFF              100
        BANK29           001D00-001DFF              100
        BANK3            000300-0003FF              100
        BANK30           001E00-001EFF              100
        BANK31           001F00-001FFF              100
        BANK4            000400-0004FF              100
        BANK5            000500-0005FF              100
        BANK6            000600-0006FF              100
        BANK7            000700-0007FF              100
        BANK8            000800-0008FF              100
        BANK9            000900-0009FF              100
        BIGRAM           000165-001FFF             1E9B
        CODE             000004-001FFF             1FFC
                         0059E6-01FFFB            1A616
        CONST            000004-001FFF             1FFC
                         0059E6-01FFFB            1A616
        EEDATA           310000-3103FF              400
        MEDIUMCONST      0059E6-00FFFF             A61A
                         012000-01FFFB             DFFC
        RAM              000165-001FFF              100
        SFR              003800-003FFF              100
        SMALLCONST       0059E6-01FFFB              100
        STACK            000165-001FFF             1E9B

                                  Symbol Table

?___awdiv                                                cstackCOMRAM 000001
?___awmod                                                cstackCOMRAM 000001
?___fladd                                                cstackCOMRAM 000041
?___fldiv                                                cstackCOMRAM 000028
?___flmul                                                cstackCOMRAM 00000F
?___flneg                                                cstackCOMRAM 000001
?___flsub                                                cstackCOMRAM 000051
?___fltol                                                cstackCOMRAM 000001
?___fpclassifyf                                          cstackCOMRAM 000001
?___xxtofl                                               cstackCOMRAM 000001
?_efgtoa                                                 cstackCOMRAM 000059
?_floorf                                                 cstackCOMRAM 000041
?_isupper                                                cstackCOMRAM 000001
?_pad                                                    cstackCOMRAM 000013
?_printf                                                 cstackBANK0  0000B9
?_strlen                                                 cstackCOMRAM 000001
?_strncmp                                                cstackCOMRAM 000001
?_tolower                                                cstackCOMRAM 000007
?_vfpfcnvrt                                              cstackBANK0  00009D
?_vfprintf                                               cstackBANK0  0000B1
I2C1_CallbackReturnReset@funPtr                          cstackCOMRAM 00000C
I2C1_Close@returnValue                                   cstackCOMRAM 000001
I2C1_DO_RX@retFsmState                                   cstackCOMRAM 000012
I2C1_DO_TX@dataTx                                        cstackCOMRAM 000012
I2C1_DO_TX@retFsmState                                   cstackCOMRAM 000013
I2C1_MasterOperation@read                                cstackCOMRAM 000014
I2C1_MasterOperation@returnValue                         cstackCOMRAM 000015
I2C1_MasterSendTxData@data                               cstackCOMRAM 000001
I2C1_MasterSetCounter@counter                            cstackCOMRAM 000001
I2C1_Open@address                                        cstackCOMRAM 000001
I2C1_Open@returnValue                                    cstackCOMRAM 000002
I2C1_SetAddressNackCallback@cb                           cstackCOMRAM 000007
I2C1_SetAddressNackCallback@ptr                          cstackCOMRAM 00000A
I2C1_SetBuffer@buffer                                    cstackCOMRAM 000001
I2C1_SetBuffer@bufferSize                                cstackCOMRAM 000003
I2C1_SetCallback@cb                                      cstackCOMRAM 000001
I2C1_SetCallback@idx                                     cstackCOMRAM 000006
I2C1_SetCallback@ptr                                     cstackCOMRAM 000004
I2C1_SetDataCompleteCallback@cb                          cstackCOMRAM 000007
I2C1_SetDataCompleteCallback@ptr                         cstackCOMRAM 00000A
UART1_SetErrorHandler@interruptHandler                   cstackCOMRAM 000001
UART1_SetFramingErrorHandler@interruptHandler            cstackCOMRAM 000001
UART1_SetOverrunErrorHandler@interruptHandler            cstackCOMRAM 000001
UART1_Write@txData                                       cstackCOMRAM 000001
_ANSELA                                                  (abs)        003A40
_ANSELB                                                  (abs)        003A50
_ANSELC                                                  (abs)        003A60
_ANSELD                                                  (abs)        003A70
_ANSELE                                                  (abs)        003A80
_I2C1CLK                                                 (abs)        003D7B
_I2C1CNT                                                 (abs)        003D6C
_I2C1CON0                                                (abs)        003D73
_I2C1CON0bits                                            (abs)        003D73
_I2C1CON1                                                (abs)        003D74
_I2C1CON1bits                                            (abs)        003D74
_I2C1CON2                                                (abs)        003D75
_I2C1ERR                                                 (abs)        003D76
_I2C1ERRbits                                             (abs)        003D76
_I2C1PIE                                                 (abs)        003D7A
_I2C1PIEbits                                             (abs)        003D7A
_I2C1PIR                                                 (abs)        003D79
_I2C1PIRbits                                             (abs)        003D79
_I2C1RXB                                                 (abs)        003D6A
_I2C1SCLPPS                                              (abs)        003AE1
_I2C1SDAPPS                                              (abs)        003AE2
_I2C1STAT1bits                                           (abs)        003D78
_I2C1TXB                                                 (abs)        003D6B
_I2C1_CallbackReturnReset                                text77       0059DE
_I2C1_CallbackReturnStop                                 text78       0059E2
_I2C1_ClearInterruptFlags                                text88       005350
_I2C1_Close                                              text95       005672
_I2C1_DO_ADDRESS_NACK                                    text47       00516A
_I2C1_DO_BUS_COLLISION                                   text46       005010
_I2C1_DO_BUS_ERROR                                       text45       0058CC
_I2C1_DO_IDLE                                            text62       005932
_I2C1_DO_RESET                                           text48       0058DC
_I2C1_DO_RX                                              text58       004D5A
_I2C1_DO_RX_ACK                                          text51       005982
_I2C1_DO_RX_EMPTY                                        text56       004CB6
_I2C1_DO_RX_NACK_RESTART                                 text49       00597A
_I2C1_DO_RX_NACK_STOP                                    text50       005916
_I2C1_DO_SEND_ADR_READ                                   text61       005644
_I2C1_DO_SEND_ADR_WRITE                                  text60       005832
_I2C1_DO_SEND_RESTART                                    text53       0059D6
_I2C1_DO_SEND_RESTART_READ                               text55       005924
_I2C1_DO_SEND_RESTART_WRITE                              text54       0059DA
_I2C1_DO_SEND_STOP                                       text52       0056C6
_I2C1_DO_TX                                              text59       004360
_I2C1_DO_TX$1233                                         cstackCOMRAM 000010
_I2C1_DO_TX_ACK                                          text63       00598A
_I2C1_DO_TX_EMPTY                                        text57       004F1C
_I2C1_Initialize                                         text36       005736
_I2C1_MasterClearCountFlag                               text94       0059D0
_I2C1_MasterClearIrq                                     text98       005992
_I2C1_MasterClearNackFlag                                text93       0059CA
_I2C1_MasterClearStopFlag                                text92       0059C4
_I2C1_MasterClose                                        text97       00593E
_I2C1_MasterDisableIrq                                   text96       005794
_I2C1_MasterDisableRestart                               text75       0059BE
_I2C1_MasterEnableRestart                                text74       0059B8
_I2C1_MasterFsm                                          text44       0050F8
_I2C1_MasterGetCounter                                   text66       00599A
_I2C1_MasterGetRxData                                    text71       0059B2
_I2C1_MasterIsCountFlagSet                               text91       0058B6
_I2C1_MasterIsNack@i2c1_master$F743                      text65       00585E
_I2C1_MasterIsNackFlagSet                                text90       0058A0
_I2C1_MasterIsRxBufFull                                  text70       005874
_I2C1_MasterIsStopFlagSet                                text89       00588A
_I2C1_MasterIsTxBufEmpty                                 text64       005848
_I2C1_MasterOpen                                         text39       005616
_I2C1_MasterOperation                                    text41       0052FE
_I2C1_MasterResetBus                                     text76       005968
_I2C1_MasterSendAck                                      text69       0059AC
_I2C1_MasterSendNack                                     text68       0059A6
_I2C1_MasterSendTxData                                   text72       005954
_I2C1_MasterSetCounter                                   text73       00595E
_I2C1_MasterStop                                         text67       0059A0
_I2C1_MasterWaitForEvent                                 text43       0052A2
_I2C1_MasterWrite                                        text40       005972
_I2C1_Open                                               text38       004C12
_I2C1_Poller                                             text42       005776
_I2C1_SetAddressNackCallback                             text37       0057B2
_I2C1_SetBuffer                                          text87       005712
_I2C1_SetCallback                                        text86       004E8E
_I2C1_SetDataCompleteCallback                            text85       0057CE
_I2C1_Status                                             bssBANK0     0000D1
_INLVLA                                                  (abs)        003A44
_INLVLB                                                  (abs)        003A54
_INLVLC                                                  (abs)        003A64
_INLVLD                                                  (abs)        003A74
_INLVLE                                                  (abs)        003A84
_LATA                                                    (abs)        003FBA
_LATB                                                    (abs)        003FBB
_LATC                                                    (abs)        003FBC
_LATD                                                    (abs)        003FBD
_LATE                                                    (abs)        003FBE
_ODCONA                                                  (abs)        003A42
_ODCONB                                                  (abs)        003A52
_ODCONC                                                  (abs)        003A62
_ODCOND                                                  (abs)        003A72
_ODCONE                                                  (abs)        003A82
_OSCCON1                                                 (abs)        0039D9
_OSCCON3                                                 (abs)        0039DB
_OSCEN                                                   (abs)        0039DD
_OSCFRQ                                                  (abs)        0039DF
_OSCILLATOR_Initialize                                   text35       005804
_OSCTUNE                                                 (abs)        0039DE
_PIE2bits                                                (abs)        003992
_PIE3bits                                                (abs)        003993
_PIN_MANAGER_Initialize                                  text34       004B6C
_PIR2bits                                                (abs)        0039A2
_PIR3bits                                                (abs)        0039A3
_PMD0                                                    (abs)        0039C0
_PMD1                                                    (abs)        0039C1
_PMD2                                                    (abs)        0039C2
_PMD3                                                    (abs)        0039C3
_PMD4                                                    (abs)        0039C4
_PMD5                                                    (abs)        0039C5
_PMD6                                                    (abs)        0039C6
_PMD7                                                    (abs)        0039C7
_PMD_Initialize                                          text33       0056EE
_RB1I2C                                                  (abs)        003A5A
_RB2I2C                                                  (abs)        003A5B
_RC3I2C                                                  (abs)        003A6A
_RC3PPS                                                  (abs)        003A13
_RC4I2C                                                  (abs)        003A6B
_RC4PPS                                                  (abs)        003A14
_RC6PPS                                                  (abs)        003A16
_RD0I2C                                                  (abs)        003A7A
_RD1I2C                                                  (abs)        003A7B
_SLRCONA                                                 (abs)        003A43
_SLRCONB                                                 (abs)        003A53
_SLRCONC                                                 (abs)        003A63
_SLRCOND                                                 (abs)        003A73
_SLRCONE                                                 (abs)        003A83
_SYSTEM_Initialize                                       text28       00581C
_TRISA                                                   (abs)        003FC2
_TRISB                                                   (abs)        003FC3
_TRISC                                                   (abs)        003FC4
_TRISD                                                   (abs)        003FC5
_TRISE                                                   (abs)        003FC6
_U1BRGH                                                  (abs)        003DF6
_U1BRGL                                                  (abs)        003DF5
_U1CON0                                                  (abs)        003DF2
_U1CON0bits                                              (abs)        003DF2
_U1CON1                                                  (abs)        003DF3
_U1CON2                                                  (abs)        003DF4
_U1ERRIE                                                 (abs)        003DFA
_U1ERRIR                                                 (abs)        003DF9
_U1ERRIRbits                                             (abs)        003DF9
_U1FIFO                                                  (abs)        003DF7
_U1P1H                                                   (abs)        003DED
_U1P1L                                                   (abs)        003DEC
_U1P2H                                                   (abs)        003DEF
_U1P2L                                                   (abs)        003DEE
_U1P3H                                                   (abs)        003DF1
_U1P3L                                                   (abs)        003DF0
_U1RXB                                                   (abs)        003DE8
_U1RXPPS                                                 (abs)        003AE5
_U1TXB                                                   (abs)        003DEA
_U1UIR                                                   (abs)        003DF8
_UART1_DefaultErrorHandler                               (abs)        000000
_UART1_DefaultFramingErrorHandler                        (abs)        000000
_UART1_DefaultOverrunErrorHandler                        (abs)        000000
_UART1_ErrorHandler                                      nvBANK1      00015C
_UART1_FramingErrorHandler                               nvBANK1      000162
_UART1_Initialize                                        text29       004F9A
_UART1_OverrunErrorHandler                               nvBANK1      00015F
_UART1_SetErrorHandler                                   text32       005908
_UART1_SetFramingErrorHandler                            text31       0058FA
_UART1_SetOverrunErrorHandler                            text30       0058EC
_UART1_Write                                             text14       0057EA
_WPUA                                                    (abs)        003A41
_WPUB                                                    (abs)        003A51
_WPUC                                                    (abs)        003A61
_WPUD                                                    (abs)        003A71
_WPUE                                                    (abs)        003A81
__HRAM                                                   (abs)        000000
__Habs1                                                  abs1         000000
__Hbank0                                                 bank0        000000
__Hbank1                                                 bank1        000000
__Hbank10                                                bank10       000000
__Hbank11                                                bank11       000000
__Hbank12                                                bank12       000000
__Hbank13                                                bank13       000000
__Hbank14                                                bank14       000000
__Hbank15                                                bank15       000000
__Hbank16                                                bank16       000000
__Hbank17                                                bank17       000000
__Hbank18                                                bank18       000000
__Hbank19                                                bank19       000000
__Hbank2                                                 bank2        000000
__Hbank20                                                bank20       000000
__Hbank21                                                bank21       000000
__Hbank22                                                bank22       000000
__Hbank23                                                bank23       000000
__Hbank24                                                bank24       000000
__Hbank25                                                bank25       000000
__Hbank26                                                bank26       000000
__Hbank27                                                bank27       000000
__Hbank28                                                bank28       000000
__Hbank29                                                bank29       000000
__Hbank3                                                 bank3        000000
__Hbank30                                                bank30       000000
__Hbank31                                                bank31       000000
__Hbank4                                                 bank4        000000
__Hbank5                                                 bank5        000000
__Hbank6                                                 bank6        000000
__Hbank7                                                 bank7        000000
__Hbank8                                                 bank8        000000
__Hbank9                                                 bank9        000000
__Hbigbss                                                bigbss       000000
__Hbigdata                                               bigdata      000000
__Hbigram                                                bigram       000000
__Hbss                                                   bss          000000
__HbssBANK0                                              bssBANK0     000000
__HbssBANK1                                              bssBANK1     000000
__Hcinit                                                 cinit        000000
__Hclrtext                                               clrtext      000000
__Hcomram                                                comram       000000
__Hconfig                                                config       30000A
__Hconst                                                 const        000000
__HcstackBANK0                                           cstackBANK0  000000
__HcstackCOMRAM                                          cstackCOMRAM 000000
__Hdata                                                  data         000000
__Heeprom_data                                           eeprom_data  000000
__Hfarbss                                                farbss       000000
__Hfardata                                               fardata      000000
__Hibigdata                                              ibigdata     000000
__Hidata                                                 idata        000000
__Hidloc                                                 idloc        200010
__Hifardata                                              ifardata     000000
__Hinit                                                  init         020000
__Hintsave_regs                                          intsave_regs 000000
__Hirdata                                                irdata       000000
__Hmediumconst                                           mediumconst  000000
__HnvBANK1                                               nvBANK1      000000
__HnvFARRAM                                              nvFARRAM     000000
__Hnvbit                                                 nvbit        000000
__Hnvrram                                                nvrram       000000
__Hparam                                                 rparam       000000
__Hpowerup                                               powerup      000000
__Hram                                                   ram          000000
__Hramtop                                                ramtop       002000
__Hrbit                                                  rbit         000000
__Hrbss                                                  rbss         000000
__Hrdata                                                 rdata        000000
__Hreset_vec                                             reset_vec    000004
__Hrparam                                                rparam       000000
__Hsfr                                                   sfr          000000
__Hsmallconst                                            smallconst   002064
__Hspace_0                                               (abs)        020000
__Hspace_1                                               (abs)        000165
__Hspace_2                                               (abs)        000000
__Hspace_4                                               (abs)        60000A
__Hstack                                                 stack        000000
__Hstruct                                                struct       000000
__Htemp                                                  temp         000000
__Htext                                                  text         000000
__Htext0                                                 text0        000000
__Htext1                                                 text1        000000
__Htext10                                                text10       000000
__Htext11                                                text11       000000
__Htext12                                                text12       000000
__Htext13                                                text13       000000
__Htext14                                                text14       000000
__Htext15                                                text15       000000
__Htext16                                                text16       000000
__Htext17                                                text17       000000
__Htext18                                                text18       000000
__Htext19                                                text19       000000
__Htext2                                                 text2        000000
__Htext20                                                text20       000000
__Htext21                                                text21       000000
__Htext22                                                text22       000000
__Htext23                                                text23       000000
__Htext24                                                text24       000000
__Htext25                                                text25       000000
__Htext26                                                text26       000000
__Htext27                                                text27       000000
__Htext28                                                text28       000000
__Htext29                                                text29       000000
__Htext3                                                 text3        000000
__Htext30                                                text30       000000
__Htext31                                                text31       000000
__Htext32                                                text32       000000
__Htext33                                                text33       000000
__Htext34                                                text34       000000
__Htext35                                                text35       000000
__Htext36                                                text36       000000
__Htext37                                                text37       000000
__Htext38                                                text38       000000
__Htext39                                                text39       000000
__Htext4                                                 text4        000000
__Htext40                                                text40       000000
__Htext41                                                text41       000000
__Htext42                                                text42       000000
__Htext43                                                text43       000000
__Htext44                                                text44       000000
__Htext45                                                text45       000000
__Htext46                                                text46       000000
__Htext47                                                text47       000000
__Htext48                                                text48       000000
__Htext49                                                text49       000000
__Htext5                                                 text5        000000
__Htext50                                                text50       000000
__Htext51                                                text51       000000
__Htext52                                                text52       000000
__Htext53                                                text53       000000
__Htext54                                                text54       000000
__Htext55                                                text55       000000
__Htext56                                                text56       000000
__Htext57                                                text57       000000
__Htext58                                                text58       000000
__Htext59                                                text59       000000
__Htext6                                                 text6        000000
__Htext60                                                text60       000000
__Htext61                                                text61       000000
__Htext62                                                text62       000000
__Htext63                                                text63       000000
__Htext64                                                text64       000000
__Htext65                                                text65       000000
__Htext66                                                text66       000000
__Htext67                                                text67       000000
__Htext68                                                text68       000000
__Htext69                                                text69       000000
__Htext7                                                 text7        000000
__Htext70                                                text70       000000
__Htext71                                                text71       000000
__Htext72                                                text72       000000
__Htext73                                                text73       000000
__Htext74                                                text74       000000
__Htext75                                                text75       000000
__Htext76                                                text76       000000
__Htext77                                                text77       000000
__Htext78                                                text78       000000
__Htext79                                                text79       000000
__Htext8                                                 text8        000000
__Htext80                                                text80       000000
__Htext81                                                text81       000000
__Htext82                                                text82       000000
__Htext83                                                text83       000000
__Htext84                                                text84       000000
__Htext85                                                text85       000000
__Htext86                                                text86       000000
__Htext87                                                text87       000000
__Htext88                                                text88       000000
__Htext89                                                text89       000000
__Htext9                                                 text9        000000
__Htext90                                                text90       000000
__Htext91                                                text91       000000
__Htext92                                                text92       000000
__Htext93                                                text93       000000
__Htext94                                                text94       000000
__Htext95                                                text95       000000
__Htext96                                                text96       000000
__Htext97                                                text97       000000
__Htext98                                                text98       000000
__Htext99                                                text99       000000
__LRAM                                                   (abs)        000001
__Labs1                                                  abs1         000000
__Lbank0                                                 bank0        000000
__Lbank1                                                 bank1        000000
__Lbank10                                                bank10       000000
__Lbank11                                                bank11       000000
__Lbank12                                                bank12       000000
__Lbank13                                                bank13       000000
__Lbank14                                                bank14       000000
__Lbank15                                                bank15       000000
__Lbank16                                                bank16       000000
__Lbank17                                                bank17       000000
__Lbank18                                                bank18       000000
__Lbank19                                                bank19       000000
__Lbank2                                                 bank2        000000
__Lbank20                                                bank20       000000
__Lbank21                                                bank21       000000
__Lbank22                                                bank22       000000
__Lbank23                                                bank23       000000
__Lbank24                                                bank24       000000
__Lbank25                                                bank25       000000
__Lbank26                                                bank26       000000
__Lbank27                                                bank27       000000
__Lbank28                                                bank28       000000
__Lbank29                                                bank29       000000
__Lbank3                                                 bank3        000000
__Lbank30                                                bank30       000000
__Lbank31                                                bank31       000000
__Lbank4                                                 bank4        000000
__Lbank5                                                 bank5        000000
__Lbank6                                                 bank6        000000
__Lbank7                                                 bank7        000000
__Lbank8                                                 bank8        000000
__Lbank9                                                 bank9        000000
__Lbigbss                                                bigbss       000000
__Lbigdata                                               bigdata      000000
__Lbigram                                                bigram       000000
__Lbss                                                   bss          000000
__LbssBANK0                                              bssBANK0     000000
__LbssBANK1                                              bssBANK1     000000
__Lcinit                                                 cinit        000000
__Lclrtext                                               clrtext      000000
__Lcomram                                                comram       000000
__Lconfig                                                config       000000
__Lconst                                                 const        000000
__LcstackBANK0                                           cstackBANK0  000000
__LcstackCOMRAM                                          cstackCOMRAM 000000
__Ldata                                                  data         000000
__Leeprom_data                                           eeprom_data  000000
__Lfarbss                                                farbss       000000
__Lfardata                                               fardata      000000
__Libigdata                                              ibigdata     000000
__Lidata                                                 idata        000000
__Lidloc                                                 idloc        000000
__Lifardata                                              ifardata     000000
__Linit                                                  init         01FFFC
__Lintsave_regs                                          intsave_regs 000000
__Lirdata                                                irdata       000000
__Lmediumconst                                           mediumconst  000000
__LnvBANK1                                               nvBANK1      000000
__LnvFARRAM                                              nvFARRAM     000000
__Lnvbit                                                 nvbit        000000
__Lnvrram                                                nvrram       000000
__Lparam                                                 rparam       000000
__Lpowerup                                               powerup      000000
__Lram                                                   ram          000000
__Lramtop                                                ramtop       002000
__Lrbit                                                  rbit         000000
__Lrbss                                                  rbss         000000
__Lrdata                                                 rdata        000000
__Lreset_vec                                             reset_vec    000000
__Lrparam                                                rparam       000000
__Lsfr                                                   sfr          000000
__Lsmallconst                                            smallconst   002000
__Lspace_0                                               (abs)        000000
__Lspace_1                                               (abs)        000000
__Lspace_2                                               (abs)        000000
__Lspace_4                                               (abs)        000000
__Lstack                                                 stack        000000
__Lstruct                                                struct       000000
__Ltemp                                                  temp         000000
__Ltext                                                  text         000000
__Ltext0                                                 text0        000000
__Ltext1                                                 text1        000000
__Ltext10                                                text10       000000
__Ltext11                                                text11       000000
__Ltext12                                                text12       000000
__Ltext13                                                text13       000000
__Ltext14                                                text14       000000
__Ltext15                                                text15       000000
__Ltext16                                                text16       000000
__Ltext17                                                text17       000000
__Ltext18                                                text18       000000
__Ltext19                                                text19       000000
__Ltext2                                                 text2        000000
__Ltext20                                                text20       000000
__Ltext21                                                text21       000000
__Ltext22                                                text22       000000
__Ltext23                                                text23       000000
__Ltext24                                                text24       000000
__Ltext25                                                text25       000000
__Ltext26                                                text26       000000
__Ltext27                                                text27       000000
__Ltext28                                                text28       000000
__Ltext29                                                text29       000000
__Ltext3                                                 text3        000000
__Ltext30                                                text30       000000
__Ltext31                                                text31       000000
__Ltext32                                                text32       000000
__Ltext33                                                text33       000000
__Ltext34                                                text34       000000
__Ltext35                                                text35       000000
__Ltext36                                                text36       000000
__Ltext37                                                text37       000000
__Ltext38                                                text38       000000
__Ltext39                                                text39       000000
__Ltext4                                                 text4        000000
__Ltext40                                                text40       000000
__Ltext41                                                text41       000000
__Ltext42                                                text42       000000
__Ltext43                                                text43       000000
__Ltext44                                                text44       000000
__Ltext45                                                text45       000000
__Ltext46                                                text46       000000
__Ltext47                                                text47       000000
__Ltext48                                                text48       000000
__Ltext49                                                text49       000000
__Ltext5                                                 text5        000000
__Ltext50                                                text50       000000
__Ltext51                                                text51       000000
__Ltext52                                                text52       000000
__Ltext53                                                text53       000000
__Ltext54                                                text54       000000
__Ltext55                                                text55       000000
__Ltext56                                                text56       000000
__Ltext57                                                text57       000000
__Ltext58                                                text58       000000
__Ltext59                                                text59       000000
__Ltext6                                                 text6        000000
__Ltext60                                                text60       000000
__Ltext61                                                text61       000000
__Ltext62                                                text62       000000
__Ltext63                                                text63       000000
__Ltext64                                                text64       000000
__Ltext65                                                text65       000000
__Ltext66                                                text66       000000
__Ltext67                                                text67       000000
__Ltext68                                                text68       000000
__Ltext69                                                text69       000000
__Ltext7                                                 text7        000000
__Ltext70                                                text70       000000
__Ltext71                                                text71       000000
__Ltext72                                                text72       000000
__Ltext73                                                text73       000000
__Ltext74                                                text74       000000
__Ltext75                                                text75       000000
__Ltext76                                                text76       000000
__Ltext77                                                text77       000000
__Ltext78                                                text78       000000
__Ltext79                                                text79       000000
__Ltext8                                                 text8        000000
__Ltext80                                                text80       000000
__Ltext81                                                text81       000000
__Ltext82                                                text82       000000
__Ltext83                                                text83       000000
__Ltext84                                                text84       000000
__Ltext85                                                text85       000000
__Ltext86                                                text86       000000
__Ltext87                                                text87       000000
__Ltext88                                                text88       000000
__Ltext89                                                text89       000000
__Ltext9                                                 text9        000000
__Ltext90                                                text90       000000
__Ltext91                                                text91       000000
__Ltext92                                                text92       000000
__Ltext93                                                text93       000000
__Ltext94                                                text94       000000
__Ltext95                                                text95       000000
__Ltext96                                                text96       000000
__Ltext97                                                text97       000000
__Ltext98                                                text98       000000
__Ltext99                                                text99       000000
__S0                                                     (abs)        020000
__S1                                                     (abs)        000165
__S2                                                     (abs)        000000
__S4                                                     (abs)        000000
__S5                                                     (abs)        000000
___awdiv                                                 text26       00494E
___awdiv@counter                                         cstackCOMRAM 000005
___awdiv@dividend                                        cstackCOMRAM 000001
___awdiv@divisor                                         cstackCOMRAM 000003
___awdiv@quotient                                        cstackCOMRAM 000007
___awdiv@sign                                            cstackCOMRAM 000006
___awmod                                                 text25       004A12
___awmod@counter                                         cstackCOMRAM 000005
___awmod@dividend                                        cstackCOMRAM 000001
___awmod@divisor                                         cstackCOMRAM 000003
___awmod@sign                                            cstackCOMRAM 000006
___fladd                                                 text19       002D0E
___fladd@a                                               cstackCOMRAM 000045
___fladd@aexp                                            cstackCOMRAM 00004E
___fladd@b                                               cstackCOMRAM 000041
___fladd@bexp                                            cstackCOMRAM 00004F
___fladd@grs                                             cstackCOMRAM 000050
___fladd@signs                                           cstackCOMRAM 00004D
___fldiv                                                 text24       003A64
___fldiv@a                                               cstackCOMRAM 00002C
___fldiv@aexp                                            cstackCOMRAM 000040
___fldiv@b                                               cstackCOMRAM 000028
___fldiv@bexp                                            cstackCOMRAM 00003F
___fldiv@grs                                             cstackCOMRAM 00003B
___fldiv@new_exp                                         cstackCOMRAM 000039
___fldiv@rem                                             cstackCOMRAM 000034
___fldiv@sign                                            cstackCOMRAM 000038
___fleq                                                  text23       004AC2
___fleq@ff1                                              cstackCOMRAM 000001
___fleq@ff2                                              cstackCOMRAM 000005
___flge                                                  text22       00458C
___flge@ff1                                              cstackCOMRAM 000028
___flge@ff2                                              cstackCOMRAM 00002C
___flmul                                                 text21       0031CE
___flmul@a                                               cstackCOMRAM 000013
___flmul@aexp                                            cstackCOMRAM 000020
___flmul@b                                               cstackCOMRAM 00000F
___flmul@bexp                                            cstackCOMRAM 000021
___flmul@grs                                             cstackCOMRAM 00001C
___flmul@prod                                            cstackCOMRAM 000022
___flmul@sign                                            cstackCOMRAM 00001B
___flmul@temp                                            cstackCOMRAM 000026
___flneg                                                 text20       0054EE
___flneg@f1                                              cstackCOMRAM 000001
___flsub                                                 text18       0053F2
___flsub@a                                               cstackCOMRAM 000055
___flsub@b                                               cstackCOMRAM 000051
___fltol                                                 text17       004486
___fltol@exp1                                            cstackCOMRAM 00000A
___fltol@f1                                              cstackCOMRAM 000001
___fltol@sign1                                           cstackCOMRAM 000009
___fpclassifyf                                           text16       004690
___fpclassifyf@F465                                      bssBANK1     000104
___fpclassifyf@e                                         cstackCOMRAM 000009
___fpclassifyf@u                                         cstackCOMRAM 00000B
___fpclassifyf@x                                         cstackCOMRAM 000001
___inthi_sp                                              stack        000000
___intlo_sp                                              stack        000000
___param_bank                                            (abs)        000000
___rparam_used                                           (abs)        000001
___sp                                                    stack        000000
___xxtofl                                                text27       004010
___xxtofl@arg                                            cstackCOMRAM 00000B
___xxtofl@exp                                            cstackCOMRAM 00000A
___xxtofl@sign                                           cstackCOMRAM 000009
___xxtofl@val                                            cstackCOMRAM 000001
__accesstop                                              (abs)        000060
__activetblptr                                           (abs)        000003
__end_of_I2C1_CallbackReturnReset                        text77       0059E2
__end_of_I2C1_CallbackReturnStop                         text78       0059E6
__end_of_I2C1_ClearInterruptFlags                        text88       0053A2
__end_of_I2C1_Close                                      text95       00569E
__end_of_I2C1_DO_ADDRESS_NACK                            text47       0051D8
__end_of_I2C1_DO_BUS_COLLISION                           text46       005086
__end_of_I2C1_DO_BUS_ERROR                               text45       0058DC
__end_of_I2C1_DO_IDLE                                    text62       00593E
__end_of_I2C1_DO_RESET                                   text48       0058EC
__end_of_I2C1_DO_RX                                      text58       004DF8
__end_of_I2C1_DO_RX_ACK                                  text51       00598A
__end_of_I2C1_DO_RX_EMPTY                                text56       004D5A
__end_of_I2C1_DO_RX_NACK_RESTART                         text49       005982
__end_of_I2C1_DO_RX_NACK_STOP                            text50       005924
__end_of_I2C1_DO_SEND_ADR_READ                           text61       005672
__end_of_I2C1_DO_SEND_ADR_WRITE                          text60       005848
__end_of_I2C1_DO_SEND_RESTART                            text53       0059DA
__end_of_I2C1_DO_SEND_RESTART_READ                       text55       005932
__end_of_I2C1_DO_SEND_RESTART_WRITE                      text54       0059DE
__end_of_I2C1_DO_SEND_STOP                               text52       0056EE
__end_of_I2C1_DO_TX                                      text59       004486
__end_of_I2C1_DO_TX_ACK                                  text63       005992
__end_of_I2C1_DO_TX_EMPTY                                text57       004F9A
__end_of_I2C1_Initialize                                 text36       005758
__end_of_I2C1_MasterClearCountFlag                       text94       0059D6
__end_of_I2C1_MasterClearIrq                             text98       00599A
__end_of_I2C1_MasterClearNackFlag                        text93       0059D0
__end_of_I2C1_MasterClearStopFlag                        text92       0059CA
__end_of_I2C1_MasterClose                                text97       00594A
__end_of_I2C1_MasterDisableIrq                           text96       0057B2
__end_of_I2C1_MasterDisableRestart                       text75       0059C4
__end_of_I2C1_MasterEnableRestart                        text74       0059BE
__end_of_I2C1_MasterFsm                                  text44       00516A
__end_of_I2C1_MasterGetCounter                           text66       0059A0
__end_of_I2C1_MasterGetRxData                            text71       0059B8
__end_of_I2C1_MasterIsCountFlagSet                       text91       0058CC
__end_of_I2C1_MasterIsNack@i2c1_master$F743              text65       005874
__end_of_I2C1_MasterIsNackFlagSet                        text90       0058B6
[...]
Total ram usage:        0 bytes
 Hardware stack levels used:    1
 This function calls:
		Nothing
 This function is called by:
		_I2C1_ClearInterruptFlags
 This function uses a non-reentrant model


 *************** function _I2C1_MasterClearCountFlag *****************
 Defined at:
		line 769 in file "mcc_generated_files/i2c1_master.c"
 Parameters:    Size  Location     Type
		None
 Auto vars:     Size  Location     Type
		None
 Return value:  Size  Location     Type
                  1    wreg      void 
 Registers used:
		None
 Tracked objects:
		On entry : 
		On exit  : 
		Unchanged: 
 Data sizes:     COMRAM   BANK0   BANK1   BANK2   BANK3   BANK4   BANK5   BANK6   BANK7   BANK8   BANK9  BANK10  BANK11  BANK12  BANK13  BANK14  BANK15  BANK16  BANK17  BANK18  BANK19  BANK20  BANK21  BANK22  BANK23  BANK24  BANK25  BANK26  BANK27  BANK28  BANK29  BANK30  BANK31
      Params:         0       0       0       0       0       0       0       0       0       0       0       0       0       0       0       0       0       0       0       0       0       0       0       0       0       0       0       0       0       0       0       0       0
      Locals:         0       0       0       0       0       0       0       0       0       0       0       0       0       0       0       0       0       0       0       0       0       0       0       0       0       0       0       0       0       0       0       0       0
      Temps:          0       0       0       0       0       0       0       0       0       0       0       0       0       0       0       0       0       0       0       0       0       0       0       0       0       0       0       0       0       0       0       0       0
      Totals:         0       0       0       0       0       0       0       0       0       0       0       0       0       0       0       0       0       0       0       0       0       0       0       0       0       0       0       0       0       0       0       0       0
Total ram usage:        0 bytes
 Hardware stack levels used:    1
 This function calls:
		Nothing
 This function is called by:
		_I2C1_ClearInterruptFlags
 This function uses a non-reentrant model


 *************** function _I2C1_Close *****************
 Defined at:
		line 237 in file "mcc_generated_files/i2c1_master.c"
 Parameters:    Size  Location     Type
		None
 Auto vars:     Size  Location     Type
  returnValue     1    0[COMRAM] enum E355
 Return value:  Size  Location     Type
                  1    wreg      enum E16135
 Registers used:
		wreg, status,2, cstack
 Tracked objects:
		On entry : 
		On exit  : 
		Unchanged: 
 Data sizes:     COMRAM   BANK0   BANK1   BANK2   BANK3   BANK4   BANK5   BANK6   BANK7   BANK8   BANK9  BANK10  BANK11  BANK12  BANK13  BANK14  BANK15  BANK16  BANK17  BANK18  BANK19  BANK20  BANK21  BANK22  BANK23  BANK24  BANK25  BANK26  BANK27  BANK28  BANK29  BANK30  BANK31
      Params:         0       0       0       0       0       0       0       0       0       0       0       0       0       0       0       0       0       0       0       0       0       0       0       0       0       0       0       0       0       0       0       0       0
      Locals:         1       0       0       0       0       0       0       0       0       0       0       0       0       0       0       0       0       0       0       0       0       0       0       0       0       0       0       0       0       0       0       0       0
      Temps:          0       0       0       0       0       0       0       0       0       0       0       0       0       0       0       0       0       0       0       0       0       0       0       0       0       0       0       0       0       0       0       0       0
      Totals:         1       0       0       0       0       0       0       0       0       0       0       0       0       0       0       0       0       0       0       0       0       0       0       0       0       0       0       0       0       0       0       0       0
Total ram usage:        1 bytes
 Hardware stack levels used:    1
 Hardware stack levels required when called:    1
 This function calls:
		_I2C1_MasterClearIrq
		_I2C1_MasterClose
		_I2C1_MasterDisableIrq
 This function is called by:
		_main
		_I2C1_Read1ByteRegister
		_I2C1_Read2ByteRegister
		_I2C1_Write1ByteRegister
		_I2C1_Write2ByteRegister
		_I2C1_WriteNBytes
		_I2C1_ReadNBytes
		_I2C1_ReadDataBlock
 This function uses a non-reentrant model


 *************** function _I2C1_MasterDisableIrq *****************
 Defined at:
		line 796 in file "mcc_generated_files/i2c1_master.c"
 Parameters:    Size  Location     Type
		None
 Auto vars:     Size  Location     Type
		None
 Return value:  Size  Location     Type
                  1    wreg      void 
 Registers used:
		None
 Tracked objects:
		On entry : 
		On exit  : 
		Unchanged: 
 Data sizes:     COMRAM   BANK0   BANK1   BANK2   BANK3   BANK4   BANK5   BANK6   BANK7   BANK8   BANK9  BANK10  BANK11  BANK12  BANK13  BANK14  BANK15  BANK16  BANK17  BANK18  BANK19  BANK20  BANK21  BANK22  BANK23  BANK24  BANK25  BANK26  BANK27  BANK28  BANK29  BANK30  BANK31
      Params:         0       0       0       0       0       0       0       0       0       0       0       0       0       0       0       0       0       0       0       0       0       0       0       0       0       0       0       0       0       0       0       0       0
      Locals:         0       0       0       0       0       0       0       0       0       0       0       0       0       0       0       0       0       0       0       0       0       0       0       0       0       0       0       0       0       0       0       0       0
      Temps:          0       0       0       0       0       0       0       0       0       0       0       0       0       0       0       0       0       0       0       0       0       0       0       0       0       0       0       0       0       0       0       0       0
      Totals:         0       0       0       0       0       0       0       0       0       0       0       0       0       0       0       0       0       0       0       0       0       0       0       0       0       0       0       0       0       0       0       0       0
Total ram usage:        0 bytes
 Hardware stack levels used:    1
 This function calls:
		Nothing
 This function is called by:
		_I2C1_Close
		_I2C1_SetTimeOut
 This function uses a non-reentrant model


 *************** function _I2C1_MasterClose *****************
 Defined at:
		line 655 in file "mcc_generated_files/i2c1_master.c"
 Parameters:    Size  Location     Type
		None
 Auto vars:     Size  Location     Type
		None
 Return value:  Size  Location     Type
                  1    wreg      void 
 Registers used:
		wreg, status,2
 Tracked objects:
		On entry : 
		On exit  : 
		Unchanged: 
 Data sizes:     COMRAM   BANK0   BANK1   BANK2   BANK3   BANK4   BANK5   BANK6   BANK7   BANK8   BANK9  BANK10  BANK11  BANK12  BANK13  BANK14  BANK15  BANK16  BANK17  BANK18  BANK19  BANK20  BANK21  BANK22  BANK23  BANK24  BANK25  BANK26  BANK27  BANK28  BANK29  BANK30  BANK31
      Params:         0       0       0       0       0       0       0       0       0       0       0       0       0       0       0       0       0       0       0       0       0       0       0       0       0       0       0       0       0       0       0       0       0
      Locals:         0       0       0       0       0       0       0       0       0       0       0       0       0       0       0       0       0       0       0       0       0       0       0       0       0       0       0       0       0       0       0       0       0
      Temps:          0       0       0       0       0       0       0       0       0       0       0       0       0       0       0       0       0       0       0       0       0       0       0       0       0       0       0       0       0       0       0       0       0
      Totals:         0       0       0       0       0       0       0       0       0       0       0       0       0       0       0       0       0       0       0       0       0       0       0       0       0       0       0       0       0       0       0       0       0
Total ram usage:        0 bytes
 Hardware stack levels used:    1
 This function calls:
		Nothing
 This function is called by:
		_I2C1_Close
 This function uses a non-reentrant model


 *************** function _I2C1_MasterClearIrq *****************
 Defined at:
		line 812 in file "mcc_generated_files/i2c1_master.c"
 Parameters:    Size  Location     Type
		None
 Auto vars:     Size  Location     Type
		None
 Return value:  Size  Location     Type
                  1    wreg      void 
 Registers used:
		wreg, status,2
 Tracked objects:
		On entry : 
		On exit  : 
		Unchanged: 
 Data sizes:     COMRAM   BANK0   BANK1   BANK2   BANK3   BANK4   BANK5   BANK6   BANK7   BANK8   BANK9  BANK10  BANK11  BANK12  BANK13  BANK14  BANK15  BANK16  BANK17  BANK18  BANK19  BANK20  BANK21  BANK22  BANK23  BANK24  BANK25  BANK26  BANK27  BANK28  BANK29  BANK30  BANK31
      Params:         0       0       0       0       0       0       0       0       0       0       0       0       0       0       0       0       0       0       0       0       0       0       0       0       0       0       0       0       0       0       0       0       0
      Locals:         0       0       0       0       0       0       0       0       0       0       0       0       0       0       0       0       0       0       0       0       0       0       0       0       0       0       0       0       0       0       0       0       0
      Temps:          0       0       0       0       0       0       0       0       0       0       0       0       0       0       0       0       0       0       0       0       0       0       0       0       0       0       0       0       0       0       0       0       0
      Totals:         0       0       0       0       0       0       0       0       0       0       0       0       0       0       0       0       0       0       0       0       0       0       0       0       0       0       0       0       0       0       0       0       0
Total ram usage:        0 bytes
 Hardware stack levels used:    1
 This function calls:
		Nothing
 This function is called by:
		_I2C1_Open
		_I2C1_Close
		_I2C1_DO_BUS_COLLISION
 This function uses a non-reentrant model



MODULE INFORMATION

Module		Function		Class		Link	Load	Size
mcc_generated_files/examples/i2c1_master_example.c
		_wr1RegCompleteHandler		CODE           	5526	0000	48
		_rd2RegCompleteHandler@i2c1_master_example$F435		CODE           	5556	0000	48
		_rdBlkRegCompleteHandler		CODE           	53A2	0000	80
		_rd1RegCompleteHandler		CODE           	5586	0000	48
		_wr2RegCompleteHandler@i2c1_master_example$F447		CODE           	55E6	0000	48

mcc_generated_files/examples/i2c1_master_example.c estimated size: 272

C:\Program Files\Microchip\xc8\v2.31\pic\sources\c99\common\sprcadd.c
		___flsub       		CODE           	53F2	0000	70
		___fladd       		CODE           	2D0E	0000	1216

C:\Program Files\Microchip\xc8\v2.31\pic\sources\c99\common\sprcadd.c estimated size: 1286

C:\Program Files\Microchip\xc8\v2.31\pic\sources\c99\common\flneg.c
		___flneg       		CODE           	54EE	0000	56

C:\Program Files\Microchip\xc8\v2.31\pic\sources\c99\common\flneg.c estimated size: 56

mcc_generated_files/i2c1_master.c
		_I2C1_DO_SEND_RESTART		CODE           	59D6	0000	4
		_I2C1_MasterIsNackFlagSet		CODE           	58A0	0000	22
		_I2C1_DO_RX_EMPTY		CODE           	4CB6	0000	164
		_I2C1_DO_TX_EMPTY		CODE           	4F1C	0000	126
		_I2C1_DO_SEND_RESTART_READ		CODE           	5924	0000	14
		_I2C1_MasterClearNackFlag		CODE           	59CA	0000	6
		_I2C1_CallbackReturnStop		CODE           	59E2	0000	4
		_I2C1_DO_RX    		CODE           	4D5A	0000	158
		_I2C1_DO_TX    		CODE           	4360	0000	294
		_I2C1_SetAddressNackCallback		CODE           	57B2	0000	28
		_I2C1_DO_IDLE  		CODE           	5932	0000	12
		_I2C1_MasterOpen		CODE           	5616	0000	46
		_I2C1_MasterSendTxData		CODE           	5954	0000	10
		_I2C1_MasterStop		CODE           	59A0	0000	6
		_I2C1_MasterIsStopFlagSet		CODE           	588A	0000	22
		_I2C1_CallbackReturnReset		CODE           	59DE	0000	4
		_I2C1_DO_RESET 		CODE           	58DC	0000	16
		_I2C1_Poller   		CODE           	5776	0000	30
		_I2C1_DO_RX_ACK		CODE           	5982	0000	8
		_I2C1_DO_TX_ACK		CODE           	598A	0000	8
		_I2C1_MasterWaitForEvent		CODE           	52A2	0000	92
		_I2C1_MasterSendNack		CODE           	59A6	0000	6
		_I2C1_DO_RX_NACK_RESTART		CODE           	597A	0000	8
		_I2C1_MasterDisableIrq		CODE           	5794	0000	30
		_I2C1_ClearInterruptFlags		CODE           	5350	0000	82
		_I2C1_MasterOperation		CODE           	52FE	0000	82
		_I2C1_MasterClearStopFlag		CODE           	59C4	0000	6
		_I2C1_SetCallback		CODE           	4E8E	0000	142
		_I2C1_MasterEnableRestart		CODE           	59B8	0000	6
		_I2C1_MasterIsNack@i2c1_master$F743		CODE           	585E	0000	22
		_I2C1_MasterGetCounter		CODE           	599A	0000	6
		_I2C1_MasterSetCounter		CODE           	595E	0000	10
		_I2C1_Open     		CODE           	4C12	0000	164
		_I2C1_DO_ADDRESS_NACK		CODE           	516A	0000	110
		_I2C1_MasterDisableRestart		CODE           	59BE	0000	6
		_I2C1_MasterClearCountFlag		CODE           	59D0	0000	6
		_I2C1_SetBuffer		CODE           	5712	0000	36
		_I2C1_DO_SEND_RESTART_WRITE		CODE           	59DA	0000	4
		_I2C1_MasterIsTxBufEmpty		CODE           	5848	0000	22
		_I2C1_MasterClose		CODE           	593E	0000	12
		_I2C1_MasterWrite		CODE           	5972	0000	8
		_I2C1_Initialize		CODE           	5736	0000	34
		_I2C1_Close    		CODE           	5672	0000	44
		_I2C1_MasterIsRxBufFull		CODE           	5874	0000	22
		_I2C1_DO_SEND_ADR_WRITE		CODE           	5832	0000	22
		_I2C1_MasterClearIrq		CODE           	5992	0000	8
		_I2C1_SetDataCompleteCallback		CODE           	57CE	0000	28
		_I2C1_DO_SEND_STOP		CODE           	56C6	0000	40
		_I2C1_DO_BUS_COLLISION		CODE           	5010	0000	118
		_I2C1_DO_BUS_ERROR		CODE           	58CC	0000	16
		_I2C1_MasterSendAck		CODE           	59AC	0000	6
		_I2C1_MasterFsm		CODE           	50F8	0000	114
		_I2C1_MasterGetRxData		CODE           	59B2	0000	6
		_I2C1_MasterResetBus		CODE           	5968	0000	10
		_I2C1_MasterIsCountFlagSet		CODE           	58B6	0000	22
		_I2C1_DO_SEND_ADR_READ		CODE           	5644	0000	46
		_I2C1_DO_RX_NACK_STOP		CODE           	5916	0000	14

mcc_generated_files/i2c1_master.c estimated size: 2392

C:\Program Files\Microchip\xc8\v2.31\pic\sources\c99\common\nf_fputs.c
		_fputs         		CODE           	5438	0000	68

C:\Program Files\Microchip\xc8\v2.31\pic\sources\c99\common\nf_fputs.c estimated size: 68

C:\Program Files\Microchip\xc8\v2.31\pic\sources\c99\common\xxtofl.c
		___xxtofl      		CODE           	4010	0000	436

C:\Program Files\Microchip\xc8\v2.31\pic\sources\c99\common\xxtofl.c estimated size: 436

C:\Program Files\Microchip\xc8\v2.31\pic\sources\c99\common\printf.c
		_printf        		CODE           	569E	0000	40

C:\Program Files\Microchip\xc8\v2.31\pic\sources\c99\common\printf.c estimated size: 40

C:\Program Files\Microchip\xc8\v2.31\pic\sources\c99\common\fleq.c
		___fleq        		CODE           	4AC2	0000	170

C:\Program Files\Microchip\xc8\v2.31\pic\sources\c99\common\fleq.c estimated size: 170

C:\Program Files\Microchip\xc8\v2.31\pic\sources\c99\common\strlen.c
		_strlen        		CODE           	547C	0000	58

C:\Program Files\Microchip\xc8\v2.31\pic\sources\c99\common\strlen.c estimated size: 58

C:\Program Files\Microchip\xc8\v2.31\pic\sources\c99\common\floorf.c
		_floorf        		CODE           	3DFE	0000	530

C:\Program Files\Microchip\xc8\v2.31\pic\sources\c99\common\floorf.c estimated size: 530

mcc_generated_files/pin_manager.c
		_PIN_MANAGER_Initialize		CODE           	4B6C	0000	166

mcc_generated_files/pin_manager.c estimated size: 166

C:\Program Files\Microchip\xc8\v2.31\pic\sources\c99\common\strcpy.c
		_strcpy        		CODE           	51D8	0000	106

C:\Program Files\Microchip\xc8\v2.31\pic\sources\c99\common\strcpy.c estimated size: 106

C:\Program Files\Microchip\xc8\v2.31\pic\sources\c99\common\awmod.c
		___awmod       		CODE           	4A12	0000	176

C:\Program Files\Microchip\xc8\v2.31\pic\sources\c99\common\awmod.c estimated size: 176

C:\Program Files\Microchip\xc8\v2.31\pic\sources\c99\common\isupper.c
		_isupper       		CODE           	54B6	0000	56

C:\Program Files\Microchip\xc8\v2.31\pic\sources\c99\common\isupper.c estimated size: 56

mcc_generated_files/uart1.c
		_UART1_Write   		CODE           	57EA	0000	26
		_putch         		CODE           	594A	0000	10
		_UART1_SetFramingErrorHandler		CODE           	58FA	0000	14
		_UART1_SetOverrunErrorHandler		CODE           	58EC	0000	14
		_UART1_Initialize		CODE           	4F9A	0000	118
		_UART1_SetErrorHandler		CODE           	5908	0000	14

mcc_generated_files/uart1.c estimated size: 196

C:\Program Files\Microchip\xc8\v2.31\pic\sources\c99\common\nf_fputc.c
		_fputc         		CODE           	4DF8	0000	150

C:\Program Files\Microchip\xc8\v2.31\pic\sources\c99\common\nf_fputc.c estimated size: 150

shared
		__initialization		CODE           	5758	0000	24
		_i2c1_fsmStateTable		SMALLCONST     	2001	0000	57

shared estimated size: 81

mcc_generated_files/mcc.c
		_PMD_Initialize		CODE           	56EE	0000	36
		_OSCILLATOR_Initialize		CODE           	5804	0000	24
		_SYSTEM_Initialize		CODE           	581C	0000	22

mcc_generated_files/mcc.c estimated size: 82

C:\Program Files\Microchip\xc8\v2.31\pic\sources\c99\common\tolower.c
		_tolower       		CODE           	5242	0000	96

C:\Program Files\Microchip\xc8\v2.31\pic\sources\c99\common\tolower.c estimated size: 96

C:\Program Files\Microchip\xc8\v2.31\pic\sources\c99\common\sprcmul.c
		___flmul       		CODE           	31CE	0000	1102

C:\Program Files\Microchip\xc8\v2.31\pic\sources\c99\common\sprcmul.c estimated size: 1102

C:\Program Files\Microchip\xc8\v2.31\pic\sources\c99\common\awdiv.c
		___awdiv       		CODE           	494E	0000	196

C:\Program Files\Microchip\xc8\v2.31\pic\sources\c99\common\awdiv.c estimated size: 196

C:\Program Files\Microchip\xc8\v2.31\pic\sources\c99\common\doprnt.c
		_vfpfcnvrt     		CODE           	361C	0000	1096
		_efgtoa        		CODE           	2064	0000	3242
		_pad           		CODE           	4888	0000	198
		_vfprintf      		CODE           	5086	0000	114

C:\Program Files\Microchip\xc8\v2.31\pic\sources\c99\common\doprnt.c estimated size: 4650

C:\Program Files\Microchip\xc8\v2.31\pic\sources\c99\common\sprcdiv.c
		___fldiv       		CODE           	3A64	0000	922

C:\Program Files\Microchip\xc8\v2.31\pic\sources\c99\common\sprcdiv.c estimated size: 922

C:\Program Files\Microchip\xc8\v2.31\pic\sources\c99\common\fltol.c
		___fltol       		CODE           	4486	0000	262

C:\Program Files\Microchip\xc8\v2.31\pic\sources\c99\common\fltol.c estimated size: 262

C:\Program Files\Microchip\xc8\v2.31\pic\sources\c99\common\__fpclassifyf.c
		___fpclassifyf 		CODE           	4690	0000	254

C:\Program Files\Microchip\xc8\v2.31\pic\sources\c99\common\__fpclassifyf.c estimated size: 254

C:\Program Files\Microchip\xc8\v2.31\pic\sources\c99\common\flge.c
		___flge        		CODE           	458C	0000	260

C:\Program Files\Microchip\xc8\v2.31\pic\sources\c99\common\flge.c estimated size: 260

main.c
		_main          		CODE           	41C4	0000	412
		_rd2RegCompleteHandler		CODE           	55B6	0000	48

main.c estimated size: 460

C:\Program Files\Microchip\xc8\v2.31\pic\sources\c99\common\strncmp.c
		_strncmp       		CODE           	478E	0000	250

C:\Program Files\Microchip\xc8\v2.31\pic\sources\c99\common\strncmp.c estimated size: 250

